// Jest Snapshot v1, https://goo.gl/fbAQLP

exports[`Selection Component Snapshot displays correct properties 1`] = `
<form
  className="card-footer"
  onSubmit={[Function]}
>
  <button
    className="button is-medium is-outlined is-primary is-pulled-left"
    onClick={[Function]}
    type="submit"
  >
    Genus
  </button>
  <button
    className="button is-medium is-outlined is-primary is-pulled-right"
    onClick={[Function]}
    type="submit"
  >
    Species
  </button>
</form>
`;
